19:44:22.734 OK   1.0.0 api-6cdb7b775d-jlxqr
19:44:23.139 OK   1.0.0 api-6cdb7b775d-j9svb
19:44:23.501 OK   1.0.0 api-6cdb7b775d-j9svb
19:44:23.865 OK   1.0.0 api-6cdb7b775d-bp9ts
19:44:24.245 OK   1.0.0 api-6cdb7b775d-j9svb
19:44:24.605 OK   1.0.0 api-6cdb7b775d-jlxqr
19:44:24.970 OK   1.0.0 api-6cdb7b775d-bp9ts
19:44:25.332 OK   1.0.0 api-6cdb7b775d-xtsmf
19:44:25.697 OK   1.0.0 api-6cdb7b775d-bp9ts
19:44:26.076 OK   1.0.0 api-6cdb7b775d-xtsmf
19:44:26.439 OK   1.0.0 api-6cdb7b775d-bp9ts
19:44:26.803 OK   1.0.0 api-6cdb7b775d-xtsmf
19:44:27.183 OK   1.0.0 api-6cdb7b775d-j9svb
19:44:27.546 OK   1.0.0 api-6cdb7b775d-bp9ts
19:44:27.909 OK   1.0.0 api-6cdb7b775d-j9svb
19:44:28.288 OK   1.0.0 api-6cdb7b775d-bp9ts
19:44:28.650 OK   1.0.0 api-6cdb7b775d-jlxqr
19:44:29.012 OK   1.0.0 api-6cdb7b775d-j9svb
19:44:29.375 OK   1.0.0 api-6cdb7b775d-xtsmf
19:44:29.740 OK   1.0.0 api-6cdb7b775d-xtsmf
19:44:30.116 OK   1.0.0 api-6cdb7b775d-jlxqr
19:44:30.496 OK   1.0.0 api-6cdb7b775d-bp9ts
19:44:30.859 OK   1.0.0 api-6cdb7b775d-xtsmf
19:44:31.246 OK   1.0.0 api-6cdb7b775d-xtsmf
19:44:31.655 OK   1.0.0 api-6cdb7b775d-jlxqr
19:44:32.052 OK   1.0.0 api-6cdb7b775d-jlxqr
19:44:32.428 OK   1.0.0 api-6cdb7b775d-xtsmf
19:44:32.833 OK   1.0.0 api-6cdb7b775d-j9svb
19:44:33.199 OK   1.0.0 api-6cdb7b775d-xtsmf
19:44:33.565 OK   1.0.0 api-6cdb7b775d-jlxqr
19:44:33.942 OK   1.0.0 api-6cdb7b775d-bp9ts
19:44:34.302 OK   1.0.0 api-6cdb7b775d-j9svb
19:44:34.685 OK   1.0.0 api-6cdb7b775d-bp9ts
19:44:35.046 OK   1.0.0 api-6cdb7b775d-bp9ts
19:44:35.407 OK   1.0.0 api-6cdb7b775d-j9svb
19:44:35.768 OK   1.0.0 api-6cdb7b775d-j9svb
19:44:36.134 OK   1.0.0 api-6cdb7b775d-jlxqr
19:44:36.495 OK   1.0.0 api-6cdb7b775d-jlxqr
19:44:36.857 OK   1.0.0 api-6cdb7b775d-j9svb
19:44:37.235 OK   1.0.0 api-6cdb7b775d-j9svb
19:44:37.597 OK   1.0.0 api-6cdb7b775d-bp9ts
19:44:37.991 OK   1.0.0 api-6cdb7b775d-xtsmf
19:44:38.371 OK   1.1.0 api-7f77fc476c-6zh6t
19:44:38.731 OK   1.0.0 api-6cdb7b775d-xtsmf
19:44:39.094 OK   1.0.0 api-6cdb7b775d-j9svb
19:44:39.462 OK   1.0.0 api-6cdb7b775d-bp9ts
19:44:39.822 OK   1.1.0 api-7f77fc476c-6zh6t
19:44:40.186 OK   1.0.0 api-6cdb7b775d-xtsmf
19:44:40.546 OK   1.1.0 api-7f77fc476c-6zh6t
19:44:40.907 OK   1.0.0 api-6cdb7b775d-xtsmf
19:44:41.273 OK   1.0.0 api-6cdb7b775d-jlxqr
19:44:41.641 OK   1.0.0 api-6cdb7b775d-bp9ts
19:44:42.001 OK   1.1.0 api-7f77fc476c-6zh6t
19:44:42.366 OK   1.0.0 api-6cdb7b775d-jlxqr
19:44:42.729 OK   1.0.0 api-6cdb7b775d-xtsmf
19:44:43.108 OK   1.0.0 api-6cdb7b775d-bp9ts
19:44:43.486 OK   1.0.0 api-6cdb7b775d-xtsmf
19:44:43.863 OK   1.1.0 api-7f77fc476c-6zh6t
19:44:44.221 OK   1.0.0 api-6cdb7b775d-xtsmf
19:44:44.588 OK   1.0.0 api-6cdb7b775d-jlxqr
19:44:44.965 OK   1.0.0 api-6cdb7b775d-xtsmf
19:44:45.328 OK   1.0.0 api-6cdb7b775d-jlxqr
19:44:45.696 OK   1.0.0 api-6cdb7b775d-xtsmf
19:44:46.059 OK   1.0.0 api-6cdb7b775d-xtsmf
19:44:46.439 OK   1.1.0 api-7f77fc476c-9dwlt
19:44:46.815 OK   1.0.0 api-6cdb7b775d-xtsmf
19:44:47.178 OK   1.0.0 api-6cdb7b775d-xtsmf
19:44:47.544 OK   1.1.0 api-7f77fc476c-9dwlt
19:44:47.904 OK   1.1.0 api-7f77fc476c-6zh6t
19:44:48.267 OK   1.1.0 api-7f77fc476c-6zh6t
19:44:48.631 OK   1.1.0 api-7f77fc476c-9dwlt
19:44:48.994 OK   1.1.0 api-7f77fc476c-9dwlt
19:44:49.358 OK   1.1.0 api-7f77fc476c-6zh6t
19:44:49.765 OK   1.0.0 api-6cdb7b775d-xtsmf
19:44:50.148 OK   1.1.0 api-7f77fc476c-6zh6t
19:44:50.525 OK   1.0.0 api-6cdb7b775d-jlxqr
19:44:50.921 OK   1.0.0 api-6cdb7b775d-xtsmf
19:44:51.314 OK   1.1.0 api-7f77fc476c-6zh6t
19:44:51.677 OK   1.1.0 api-7f77fc476c-9dwlt
19:44:52.037 OK   1.0.0 api-6cdb7b775d-jlxqr
19:44:52.402 OK   1.1.0 api-7f77fc476c-9dwlt
19:44:52.763 OK   1.0.0 api-6cdb7b775d-jlxqr
19:44:53.128 OK   1.1.0 api-7f77fc476c-6zh6t
19:44:53.493 OK   1.1.0 api-7f77fc476c-7kfgl
19:44:53.877 OK   1.0.0 api-6cdb7b775d-jlxqr
19:44:54.239 OK   1.0.0 api-6cdb7b775d-jlxqr
19:44:54.619 OK   1.1.0 api-7f77fc476c-9dwlt
19:44:54.996 OK   1.1.0 api-7f77fc476c-6zh6t
19:44:55.357 OK   1.1.0 api-7f77fc476c-9dwlt
19:44:55.722 OK   1.1.0 api-7f77fc476c-7kfgl
19:44:56.089 OK   1.1.0 api-7f77fc476c-6zh6t
19:44:56.448 OK   1.1.0 api-7f77fc476c-6zh6t
19:44:56.811 OK   1.1.0 api-7f77fc476c-6zh6t
19:44:57.227 OK   1.1.0 api-7f77fc476c-6zh6t
19:44:57.639 OK   1.1.0 api-7f77fc476c-7kfgl
19:44:58.049 OK   1.0.0 api-6cdb7b775d-jlxqr
19:44:58.410 OK   1.1.0 api-7f77fc476c-6zh6t
19:44:58.775 OK   1.1.0 api-7f77fc476c-9dwlt
19:44:59.137 OK   1.1.0 api-7f77fc476c-6zh6t
19:44:59.503 OK   1.1.0 api-7f77fc476c-9dwlt
19:44:59.896 OK   1.1.0 api-7f77fc476c-9dwlt
19:45:00.258 OK   1.1.0 api-7f77fc476c-9dwlt
19:45:00.619 OK   1.1.0 api-7f77fc476c-sfknr
19:45:00.984 OK   1.1.0 api-7f77fc476c-sfknr
19:45:01.346 OK   1.1.0 api-7f77fc476c-9dwlt
19:45:01.710 OK   1.1.0 api-7f77fc476c-sfknr
19:45:02.075 OK   1.1.0 api-7f77fc476c-7kfgl
19:45:02.470 OK   1.1.0 api-7f77fc476c-9dwlt
19:45:02.911 OK   1.1.0 api-7f77fc476c-6zh6t
19:45:03.345 OK   1.1.0 api-7f77fc476c-7kfgl
19:45:03.720 OK   1.1.0 api-7f77fc476c-sfknr
19:45:04.087 OK   1.1.0 api-7f77fc476c-6zh6t
19:45:04.458 OK   1.1.0 api-7f77fc476c-7kfgl
19:45:04.823 OK   1.1.0 api-7f77fc476c-sfknr
19:45:05.202 OK   1.1.0 api-7f77fc476c-6zh6t
19:45:05.581 OK   1.1.0 api-7f77fc476c-9dwlt
19:45:05.971 OK   1.1.0 api-7f77fc476c-7kfgl
19:45:06.391 OK   1.1.0 api-7f77fc476c-9dwlt
19:45:06.787 OK   1.1.0 api-7f77fc476c-9dwlt
19:45:07.160 OK   1.1.0 api-7f77fc476c-6zh6t
19:45:07.523 OK   1.1.0 api-7f77fc476c-sfknr
19:45:07.888 OK   1.1.0 api-7f77fc476c-6zh6t
19:45:08.248 OK   1.1.0 api-7f77fc476c-sfknr
19:45:08.613 OK   1.1.0 api-7f77fc476c-9dwlt
19:45:08.977 OK   1.1.0 api-7f77fc476c-9dwlt
19:45:09.340 OK   1.1.0 api-7f77fc476c-7kfgl
19:45:09.704 OK   1.1.0 api-7f77fc476c-9dwlt
19:45:10.096 OK   1.1.0 api-7f77fc476c-7kfgl
19:45:10.458 OK   1.1.0 api-7f77fc476c-sfknr
19:45:10.822 OK   1.1.0 api-7f77fc476c-6zh6t
19:45:11.184 OK   1.1.0 api-7f77fc476c-sfknr
19:45:11.551 OK   1.1.0 api-7f77fc476c-7kfgl
19:45:11.911 OK   1.1.0 api-7f77fc476c-sfknr
19:45:12.278 OK   1.1.0 api-7f77fc476c-7kfgl
19:45:12.685 OK   1.1.0 api-7f77fc476c-sfknr
19:45:13.082 OK   1.1.0 api-7f77fc476c-7kfgl
19:45:13.510 OK   1.1.0 api-7f77fc476c-6zh6t
19:45:13.962 OK   1.1.0 api-7f77fc476c-7kfgl
19:45:14.408 OK   1.1.0 api-7f77fc476c-sfknr
19:45:14.814 OK   1.1.0 api-7f77fc476c-7kfgl
19:45:15.193 OK   1.1.0 api-7f77fc476c-7kfgl
19:45:15.555 OK   1.1.0 api-7f77fc476c-6zh6t
19:45:15.920 OK   1.1.0 api-7f77fc476c-9dwlt
19:45:16.284 OK   1.1.0 api-7f77fc476c-6zh6t
19:45:16.648 OK   1.1.0 api-7f77fc476c-9dwlt
19:45:17.041 OK   1.1.0 api-7f77fc476c-6zh6t
19:45:17.402 OK   1.1.0 api-7f77fc476c-sfknr
19:45:17.781 OK   1.1.0 api-7f77fc476c-9dwlt
19:45:18.149 OK   1.1.0 api-7f77fc476c-9dwlt
19:45:18.510 OK   1.1.0 api-7f77fc476c-7kfgl
19:45:18.875 OK   1.1.0 api-7f77fc476c-6zh6t
19:45:19.257 OK   1.1.0 api-7f77fc476c-sfknr
19:45:19.632 OK   1.1.0 api-7f77fc476c-6zh6t
19:45:20.033 OK   1.1.0 api-7f77fc476c-sfknr
19:45:20.437 OK   1.1.0 api-7f77fc476c-9dwlt
19:45:20.812 OK   1.1.0 api-7f77fc476c-9dwlt
19:45:21.194 OK   1.1.0 api-7f77fc476c-sfknr
19:45:21.573 OK   1.1.0 api-7f77fc476c-9dwlt
19:45:21.938 OK   1.1.0 api-7f77fc476c-7kfgl
19:45:22.300 OK   1.1.0 api-7f77fc476c-6zh6t
19:45:22.681 OK   1.1.0 api-7f77fc476c-9dwlt
19:45:23.060 OK   1.1.0 api-7f77fc476c-9dwlt
19:45:23.474 OK   1.0.0 api-6cdb7b775d-6b4nl
19:45:23.880 OK   1.0.0 api-6cdb7b775d-6b4nl
19:45:24.255 OK   1.1.0 api-7f77fc476c-sfknr
19:45:24.644 OK   1.1.0 api-7f77fc476c-9dwlt
19:45:25.049 OK   1.1.0 api-7f77fc476c-9dwlt
19:45:25.411 OK   1.1.0 api-7f77fc476c-6zh6t
19:45:25.776 OK   1.0.0 api-6cdb7b775d-6b4nl
19:45:26.140 OK   1.0.0 api-6cdb7b775d-6b4nl
19:45:26.520 OK   1.1.0 api-7f77fc476c-9dwlt
19:45:26.890 OK   1.1.0 api-7f77fc476c-6zh6t
19:45:27.288 OK   1.0.0 api-6cdb7b775d-6lqmd
19:45:27.683 OK   1.0.0 api-6cdb7b775d-6b4nl
19:45:28.065 OK   1.0.0 api-6cdb7b775d-6b4nl
19:45:28.441 OK   1.1.0 api-7f77fc476c-9dwlt
19:45:28.809 OK   1.0.0 api-6cdb7b775d-6lqmd
19:45:29.170 OK   1.1.0 api-7f77fc476c-6zh6t
19:45:29.537 OK   1.1.0 api-7f77fc476c-6zh6t
19:45:29.899 OK   1.0.0 api-6cdb7b775d-6b4nl
19:45:30.279 OK   1.1.0 api-7f77fc476c-6zh6t
19:45:30.643 OK   1.0.0 api-6cdb7b775d-6b4nl
19:45:31.006 OK   1.0.0 api-6cdb7b775d-6b4nl
19:45:31.369 OK   1.1.0 api-7f77fc476c-6zh6t
19:45:31.732 OK   1.1.0 api-7f77fc476c-6zh6t
19:45:32.097 OK   1.1.0 api-7f77fc476c-9dwlt
19:45:32.475 OK   1.1.0 api-7f77fc476c-9dwlt
19:45:32.850 OK   1.0.0 api-6cdb7b775d-6b4nl
19:45:33.241 OK   1.0.0 api-6cdb7b775d-6lqmd
19:45:33.634 OK   1.0.0 api-6cdb7b775d-6lqmd
19:45:34.057 OK   1.1.0 api-7f77fc476c-9dwlt
19:45:34.466 OK   1.0.0 api-6cdb7b775d-6lqmd
19:45:34.857 OK   1.0.0 api-6cdb7b775d-6b4nl
19:45:35.217 OK   1.1.0 api-7f77fc476c-6zh6t
19:45:35.613 OK   1.0.0 api-6cdb7b775d-6lqmd
19:45:36.004 OK   1.1.0 api-7f77fc476c-9dwlt
19:45:36.384 OK   1.1.0 api-7f77fc476c-6zh6t
19:45:36.745 OK   1.0.0 api-6cdb7b775d-6b4nl
19:45:37.124 OK   1.1.0 api-7f77fc476c-6zh6t
19:45:37.486 OK   1.1.0 api-7f77fc476c-6zh6t
19:45:37.851 OK   1.0.0 api-6cdb7b775d-6b4nl
19:45:38.217 OK   1.0.0 api-6cdb7b775d-6lqmd
19:45:38.578 OK   1.0.0 api-6cdb7b775d-t2t8k
19:45:38.939 OK   1.0.0 api-6cdb7b775d-t2t8k
19:45:39.316 OK   1.0.0 api-6cdb7b775d-t2t8k
19:45:39.695 OK   1.1.0 api-7f77fc476c-6zh6t
19:45:40.057 OK   1.0.0 api-6cdb7b775d-6b4nl
19:45:40.421 OK   1.1.0 api-7f77fc476c-6zh6t
19:45:40.799 OK   1.0.0 api-6cdb7b775d-6b4nl
19:45:41.176 OK   1.1.0 api-7f77fc476c-6zh6t
19:45:41.539 OK   1.0.0 api-6cdb7b775d-t2t8k
19:45:41.902 OK   1.0.0 api-6cdb7b775d-6lqmd
19:45:42.308 OK   1.0.0 api-6cdb7b775d-6b4nl
19:45:42.673 OK   1.0.0 api-6cdb7b775d-6lqmd
19:45:43.039 OK   1.0.0 api-6cdb7b775d-t2t8k
19:45:43.399 OK   1.0.0 api-6cdb7b775d-6b4nl
19:45:43.761 OK   1.0.0 api-6cdb7b775d-6lqmd
19:45:44.124 OK   1.1.0 api-7f77fc476c-6zh6t
19:45:44.501 OK   1.0.0 api-6cdb7b775d-t2t8k
19:45:44.867 OK   1.0.0 api-6cdb7b775d-6b4nl
19:45:45.230 OK   1.0.0 api-6cdb7b775d-6b4nl
19:45:45.592 OK   1.0.0 api-6cdb7b775d-j6jnx
19:45:45.958 OK   1.0.0 api-6cdb7b775d-6b4nl
19:45:46.322 OK   1.0.0 api-6cdb7b775d-6lqmd
19:45:46.685 OK   1.0.0 api-6cdb7b775d-6lqmd
19:45:47.048 OK   1.0.0 api-6cdb7b775d-6lqmd
19:45:47.412 OK   1.0.0 api-6cdb7b775d-6b4nl
19:45:47.774 OK   1.0.0 api-6cdb7b775d-6lqmd
19:45:48.138 OK   1.0.0 api-6cdb7b775d-t2t8k
19:45:48.538 OK   1.0.0 api-6cdb7b775d-6b4nl
19:45:48.915 OK   1.0.0 api-6cdb7b775d-j6jnx
19:45:49.276 OK   1.0.0 api-6cdb7b775d-j6jnx
19:45:49.638 OK   1.0.0 api-6cdb7b775d-j6jnx
19:45:50.003 OK   1.0.0 api-6cdb7b775d-6lqmd
19:45:50.366 OK   1.0.0 api-6cdb7b775d-j6jnx
19:45:50.729 OK   1.0.0 api-6cdb7b775d-t2t8k
19:45:51.094 OK   1.0.0 api-6cdb7b775d-t2t8k
19:45:51.458 OK   1.0.0 api-6cdb7b775d-t2t8k
19:45:51.819 OK   1.0.0 api-6cdb7b775d-t2t8k
19:45:52.191 OK   1.0.0 api-6cdb7b775d-6lqmd
19:45:52.563 OK   1.0.0 api-6cdb7b775d-6b4nl
19:45:52.928 OK   1.0.0 api-6cdb7b775d-6b4nl
19:45:53.307 OK   1.0.0 api-6cdb7b775d-6lqmd
19:45:53.687 OK   1.0.0 api-6cdb7b775d-6lqmd
19:45:54.035 OK   1.0.0 api-6cdb7b775d-6b4nl
19:45:54.400 OK   1.0.0 api-6cdb7b775d-6b4nl
19:45:54.762 OK   1.0.0 api-6cdb7b775d-j6jnx
19:45:55.128 OK   1.0.0 api-6cdb7b775d-t2t8k
19:45:55.490 OK   1.0.0 api-6cdb7b775d-j6jnx
19:45:55.852 OK   1.0.0 api-6cdb7b775d-j6jnx
19:45:56.217 OK   1.0.0 api-6cdb7b775d-6lqmd
19:45:56.579 OK   1.0.0 api-6cdb7b775d-j6jnx
19:45:56.945 OK   1.0.0 api-6cdb7b775d-6lqmd
19:45:57.308 OK   1.0.0 api-6cdb7b775d-6b4nl
19:45:57.673 OK   1.0.0 api-6cdb7b775d-t2t8k
19:45:58.037 OK   1.0.0 api-6cdb7b775d-6lqmd
19:45:58.399 OK   1.0.0 api-6cdb7b775d-t2t8k
19:45:58.760 OK   1.0.0 api-6cdb7b775d-j6jnx
19:45:59.124 OK   1.0.0 api-6cdb7b775d-6lqmd
19:45:59.492 OK   1.0.0 api-6cdb7b775d-t2t8k
19:45:59.854 OK   1.0.0 api-6cdb7b775d-6lqmd
19:46:00.233 OK   1.0.0 api-6cdb7b775d-t2t8k
19:46:00.623 OK   1.0.0 api-6cdb7b775d-j6jnx
19:46:00.999 OK   1.0.0 api-6cdb7b775d-t2t8k
19:46:01.360 OK   1.0.0 api-6cdb7b775d-6lqmd
19:46:01.766 OK   1.0.0 api-6cdb7b775d-j6jnx
19:46:02.129 OK   1.0.0 api-6cdb7b775d-6b4nl
19:46:02.494 OK   1.0.0 api-6cdb7b775d-6lqmd
19:46:02.856 OK   1.0.0 api-6cdb7b775d-6b4nl
19:46:03.218 OK   1.0.0 api-6cdb7b775d-t2t8k
19:46:03.583 OK   1.0.0 api-6cdb7b775d-j6jnx
19:46:03.945 OK   1.0.0 api-6cdb7b775d-6b4nl
19:46:04.307 OK   1.0.0 api-6cdb7b775d-6b4nl
19:46:04.657 OK   1.0.0 api-6cdb7b775d-j6jnx
19:46:05.036 OK   1.0.0 api-6cdb7b775d-t2t8k
19:46:05.399 OK   1.0.0 api-6cdb7b775d-6lqmd
19:46:05.781 OK   1.0.0 api-6cdb7b775d-j6jnx
19:46:06.143 OK   1.0.0 api-6cdb7b775d-j6jnx
19:46:06.509 OK   1.0.0 api-6cdb7b775d-t2t8k
19:46:06.873 OK   1.0.0 api-6cdb7b775d-6b4nl
19:46:07.236 OK   1.0.0 api-6cdb7b775d-j6jnx
19:46:07.600 OK   1.0.0 api-6cdb7b775d-6lqmd
19:46:07.962 OK   1.0.0 api-6cdb7b775d-6b4nl
19:46:08.324 OK   1.0.0 api-6cdb7b775d-t2t8k
19:46:08.689 OK   1.0.0 api-6cdb7b775d-j6jnx
19:46:09.052 OK   1.0.0 api-6cdb7b775d-6b4nl
19:46:09.416 OK   1.0.0 api-6cdb7b775d-6b4nl
19:46:09.779 OK   1.0.0 api-6cdb7b775d-6lqmd
19:46:10.144 OK   1.0.0 api-6cdb7b775d-6b4nl
19:46:10.508 OK   1.0.0 api-6cdb7b775d-t2t8k
19:46:10.871 OK   1.0.0 api-6cdb7b775d-6lqmd
19:46:11.236 OK   1.0.0 api-6cdb7b775d-6lqmd
19:46:11.583 OK   1.0.0 api-6cdb7b775d-t2t8k
19:46:11.945 OK   1.0.0 api-6cdb7b775d-6lqmd
19:46:12.309 OK   1.0.0 api-6cdb7b775d-6b4nl
19:46:12.672 OK   1.0.0 api-6cdb7b775d-6lqmd
19:46:13.037 OK   1.0.0 api-6cdb7b775d-6b4nl
19:46:13.399 OK   1.0.0 api-6cdb7b775d-6b4nl
19:46:13.763 OK   1.0.0 api-6cdb7b775d-j6jnx
19:46:14.129 OK   1.0.0 api-6cdb7b775d-6lqmd
19:46:14.491 OK   1.0.0 api-6cdb7b775d-j6jnx
19:46:14.854 OK   1.0.0 api-6cdb7b775d-j6jnx
19:46:15.218 OK   1.0.0 api-6cdb7b775d-t2t8k
19:46:15.580 OK   1.0.0 api-6cdb7b775d-t2t8k
19:46:15.943 OK   1.0.0 api-6cdb7b775d-t2t8k
19:46:16.306 OK   1.0.0 api-6cdb7b775d-6b4nl
19:46:16.670 OK   1.0.0 api-6cdb7b775d-j6jnx
19:46:17.032 OK   1.0.0 api-6cdb7b775d-6lqmd
19:46:17.397 OK   1.0.0 api-6cdb7b775d-j6jnx
19:46:17.761 OK   1.0.0 api-6cdb7b775d-t2t8k
19:46:18.124 OK   1.0.0 api-6cdb7b775d-j6jnx
19:46:18.487 OK   1.0.0 api-6cdb7b775d-6b4nl
19:46:18.853 OK   1.0.0 api-6cdb7b775d-t2t8k
19:46:19.216 OK   1.0.0 api-6cdb7b775d-6lqmd
19:46:19.580 OK   1.0.0 api-6cdb7b775d-t2t8k
19:46:19.944 OK   1.0.0 api-6cdb7b775d-6lqmd
19:46:20.308 OK   1.0.0 api-6cdb7b775d-6b4nl
19:46:20.670 OK   1.0.0 api-6cdb7b775d-6b4nl
19:46:21.034 OK   1.0.0 api-6cdb7b775d-t2t8k
19:46:21.398 OK   1.0.0 api-6cdb7b775d-6lqmd
19:46:21.761 OK   1.0.0 api-6cdb7b775d-6b4nl
19:46:22.123 OK   1.0.0 api-6cdb7b775d-6lqmd
19:46:22.487 OK   1.0.0 api-6cdb7b775d-6b4nl
19:46:22.849 OK   1.0.0 api-6cdb7b775d-j6jnx
19:46:23.213 OK   1.0.0 api-6cdb7b775d-6lqmd
19:46:23.575 OK   1.0.0 api-6cdb7b775d-j6jnx
19:46:23.940 OK   1.0.0 api-6cdb7b775d-6b4nl
19:46:24.303 OK   1.0.0 api-6cdb7b775d-6lqmd
19:46:24.668 OK   1.0.0 api-6cdb7b775d-t2t8k
19:46:25.047 OK   1.0.0 api-6cdb7b775d-t2t8k
19:46:25.410 OK   1.0.0 api-6cdb7b775d-j6jnx
19:46:25.773 OK   1.0.0 api-6cdb7b775d-6lqmd
19:46:26.138 OK   1.0.0 api-6cdb7b775d-j6jnx
19:46:26.486 OK   1.0.0 api-6cdb7b775d-6b4nl
19:46:26.850 OK   1.0.0 api-6cdb7b775d-6lqmd
19:46:27.212 OK   1.0.0 api-6cdb7b775d-j6jnx
19:46:27.576 OK   1.0.0 api-6cdb7b775d-t2t8k
19:46:27.938 OK   1.0.0 api-6cdb7b775d-6b4nl
19:46:28.334 OK   1.0.0 api-6cdb7b775d-t2t8k
19:46:28.699 OK   1.0.0 api-6cdb7b775d-6lqmd
19:46:29.063 OK   1.0.0 api-6cdb7b775d-6lqmd
19:46:29.425 OK   1.0.0 api-6cdb7b775d-6b4nl
19:46:29.790 OK   1.0.0 api-6cdb7b775d-j6jnx
19:46:30.155 OK   1.0.0 api-6cdb7b775d-j6jnx
19:46:30.534 OK   1.0.0 api-6cdb7b775d-j6jnx
19:46:30.897 OK   1.0.0 api-6cdb7b775d-t2t8k
19:46:31.261 OK   1.0.0 api-6cdb7b775d-j6jnx
19:46:31.625 OK   1.0.0 api-6cdb7b775d-6lqmd
19:46:31.989 OK   1.0.0 api-6cdb7b775d-6b4nl
19:46:32.351 OK   1.0.0 api-6cdb7b775d-t2t8k
19:46:32.712 OK   1.0.0 api-6cdb7b775d-t2t8k
19:46:33.081 OK   1.0.0 api-6cdb7b775d-j6jnx
19:46:33.456 OK   1.0.0 api-6cdb7b775d-j6jnx
19:46:33.819 OK   1.0.0 api-6cdb7b775d-t2t8k
19:46:34.183 OK   1.0.0 api-6cdb7b775d-6b4nl
19:46:34.545 OK   1.0.0 api-6cdb7b775d-6b4nl
19:46:34.909 OK   1.0.0 api-6cdb7b775d-6lqmd
19:46:35.275 OK   1.0.0 api-6cdb7b775d-6b4nl
19:46:35.635 OK   1.0.0 api-6cdb7b775d-j6jnx
19:46:35.999 OK   1.0.0 api-6cdb7b775d-6lqmd
19:46:36.409 OK   1.0.0 api-6cdb7b775d-6b4nl
19:46:36.773 OK   1.0.0 api-6cdb7b775d-t2t8k
19:46:37.135 OK   1.0.0 api-6cdb7b775d-j6jnx
19:46:37.498 OK   1.0.0 api-6cdb7b775d-j6jnx
19:46:37.861 OK   1.0.0 api-6cdb7b775d-t2t8k
19:46:38.208 OK   1.0.0 api-6cdb7b775d-6b4nl
19:46:38.571 OK   1.0.0 api-6cdb7b775d-t2t8k
19:46:38.934 OK   1.0.0 api-6cdb7b775d-t2t8k
19:46:39.283 OK   1.0.0 api-6cdb7b775d-t2t8k
19:46:39.645 OK   1.0.0 api-6cdb7b775d-6lqmd
19:46:40.009 OK   1.0.0 api-6cdb7b775d-6lqmd
19:46:40.370 OK   1.0.0 api-6cdb7b775d-t2t8k
19:46:40.733 OK   1.0.0 api-6cdb7b775d-6lqmd
19:46:41.098 OK   1.0.0 api-6cdb7b775d-j6jnx
19:46:41.461 OK   1.0.0 api-6cdb7b775d-6lqmd
19:46:41.825 OK   1.0.0 api-6cdb7b775d-t2t8k
19:46:42.190 OK   1.0.0 api-6cdb7b775d-6b4nl
19:46:42.551 OK   1.0.0 api-6cdb7b775d-6b4nl
19:46:42.912 OK   1.0.0 api-6cdb7b775d-6b4nl
19:46:43.276 OK   1.0.0 api-6cdb7b775d-j6jnx
19:46:43.638 OK   1.0.0 api-6cdb7b775d-j6jnx
19:46:44.000 OK   1.0.0 api-6cdb7b775d-6lqmd
19:46:44.363 OK   1.0.0 api-6cdb7b775d-j6jnx
19:46:44.725 OK   1.0.0 api-6cdb7b775d-6b4nl
19:46:45.105 OK   1.0.0 api-6cdb7b775d-j6jnx
19:46:45.468 OK   1.0.0 api-6cdb7b775d-6lqmd
19:46:45.830 OK   1.0.0 api-6cdb7b775d-6lqmd
19:46:46.208 OK   1.0.0 api-6cdb7b775d-j6jnx
19:46:46.573 OK   1.0.0 api-6cdb7b775d-t2t8k
19:46:46.936 OK   1.0.0 api-6cdb7b775d-6b4nl
19:46:47.298 OK   1.0.0 api-6cdb7b775d-t2t8k
19:46:47.660 OK   1.0.0 api-6cdb7b775d-t2t8k
19:46:48.022 OK   1.0.0 api-6cdb7b775d-6b4nl
19:46:48.402 OK   1.0.0 api-6cdb7b775d-6lqmd
19:46:48.765 OK   1.0.0 api-6cdb7b775d-6b4nl
19:46:49.128 OK   1.0.0 api-6cdb7b775d-6b4nl
19:46:49.491 OK   1.0.0 api-6cdb7b775d-j6jnx
19:46:49.852 OK   1.0.0 api-6cdb7b775d-t2t8k
19:46:50.216 OK   1.0.0 api-6cdb7b775d-6lqmd
19:46:50.579 OK   1.0.0 api-6cdb7b775d-6lqmd
19:46:50.943 OK   1.0.0 api-6cdb7b775d-6b4nl
19:46:51.306 OK   1.0.0 api-6cdb7b775d-6lqmd
19:46:51.667 OK   1.0.0 api-6cdb7b775d-j6jnx
19:46:52.031 OK   1.0.0 api-6cdb7b775d-t2t8k
19:46:52.394 OK   1.0.0 api-6cdb7b775d-t2t8k
19:46:52.757 OK   1.0.0 api-6cdb7b775d-6b4nl
19:46:53.139 OK   1.0.0 api-6cdb7b775d-t2t8k
19:46:53.518 OK   1.0.0 api-6cdb7b775d-j6jnx
19:46:53.883 OK   1.0.0 api-6cdb7b775d-6lqmd
19:46:54.245 OK   1.0.0 api-6cdb7b775d-6b4nl
19:46:54.609 OK   1.0.0 api-6cdb7b775d-6lqmd
19:46:54.974 OK   1.0.0 api-6cdb7b775d-j6jnx
19:46:55.336 OK   1.0.0 api-6cdb7b775d-j6jnx
19:46:55.702 OK   1.0.0 api-6cdb7b775d-6b4nl
19:46:56.066 OK   1.0.0 api-6cdb7b775d-6lqmd
19:46:56.430 OK   1.0.0 api-6cdb7b775d-6lqmd
19:46:56.793 OK   1.0.0 api-6cdb7b775d-t2t8k
19:46:57.140 OK   1.0.0 api-6cdb7b775d-6lqmd
19:46:57.503 OK   1.0.0 api-6cdb7b775d-j6jnx
19:46:57.867 OK   1.0.0 api-6cdb7b775d-j6jnx
19:46:58.231 OK   1.0.0 api-6cdb7b775d-j6jnx
19:46:58.593 OK   1.0.0 api-6cdb7b775d-t2t8k
19:46:58.961 OK   1.0.0 api-6cdb7b775d-6lqmd
19:46:59.317 OK   1.0.0 api-6cdb7b775d-t2t8k
19:46:59.683 OK   1.0.0 api-6cdb7b775d-6b4nl
19:47:00.077 OK   1.0.0 api-6cdb7b775d-6b4nl
19:47:00.456 OK   1.0.0 api-6cdb7b775d-t2t8k
19:47:00.819 OK   1.0.0 api-6cdb7b775d-j6jnx
19:47:01.182 OK   1.0.0 api-6cdb7b775d-t2t8k
19:47:01.544 OK   1.0.0 api-6cdb7b775d-t2t8k
19:47:01.922 OK   1.0.0 api-6cdb7b775d-6b4nl
19:47:02.288 OK   1.0.0 api-6cdb7b775d-6lqmd
19:47:02.651 OK   1.0.0 api-6cdb7b775d-t2t8k
19:47:03.015 OK   1.0.0 api-6cdb7b775d-6b4nl
19:47:03.379 OK   1.0.0 api-6cdb7b775d-6lqmd
19:47:03.739 OK   1.0.0 api-6cdb7b775d-6b4nl
19:47:04.102 OK   1.0.0 api-6cdb7b775d-j6jnx
19:47:04.469 OK   1.0.0 api-6cdb7b775d-6b4nl
19:47:04.831 OK   1.0.0 api-6cdb7b775d-j6jnx
19:47:05.209 OK   1.0.0 api-6cdb7b775d-6lqmd
19:47:05.571 OK   1.0.0 api-6cdb7b775d-6b4nl
19:47:05.953 OK   1.0.0 api-6cdb7b775d-6lqmd
19:47:06.314 OK   1.0.0 api-6cdb7b775d-j6jnx
19:47:06.675 OK   1.0.0 api-6cdb7b775d-6b4nl
19:47:07.039 OK   1.0.0 api-6cdb7b775d-6b4nl
19:47:07.404 OK   1.0.0 api-6cdb7b775d-t2t8k
19:47:07.768 OK   1.0.0 api-6cdb7b775d-6lqmd
19:47:08.132 OK   1.0.0 api-6cdb7b775d-6b4nl
19:47:08.495 OK   1.0.0 api-6cdb7b775d-j6jnx
19:47:08.873 OK   1.0.0 api-6cdb7b775d-j6jnx
19:47:09.237 OK   1.0.0 api-6cdb7b775d-6lqmd
19:47:09.602 OK   1.0.0 api-6cdb7b775d-j6jnx
19:47:09.966 OK   1.0.0 api-6cdb7b775d-t2t8k
19:47:10.329 OK   1.0.0 api-6cdb7b775d-t2t8k
19:47:10.692 OK   1.0.0 api-6cdb7b775d-t2t8k
19:47:11.056 OK   1.0.0 api-6cdb7b775d-j6jnx
19:47:11.419 OK   1.0.0 api-6cdb7b775d-j6jnx
19:47:11.779 OK   1.0.0 api-6cdb7b775d-6b4nl
